  Determining projects to restore...
  All projects are up-to-date for restore.
E:\Document\Project_Portofolio\Portofolio_Dotnet\Interface\IExperienceService.cs(2,11): error CS0234: The type or namespace name 'ViewModel' does not exist in the namespace 'PTP' (are you missing an assembly reference?) [E:\Document\Project_Portofolio\Portofolio_Dotnet\PTP.csproj]
E:\Document\Project_Portofolio\Portofolio_Dotnet\Service\AuthenticationService.cs(5,7): warning CS0105: The using directive for 'Microsoft.AspNetCore.Mvc' appeared previously in this namespace [E:\Document\Project_Portofolio\Portofolio_Dotnet\PTP.csproj]
E:\Document\Project_Portofolio\Portofolio_Dotnet\Service\AuthenticationService.cs(7,7): warning CS0105: The using directive for 'Microsoft.EntityFrameworkCore' appeared previously in this namespace [E:\Document\Project_Portofolio\Portofolio_Dotnet\PTP.csproj]
E:\Document\Project_Portofolio\Portofolio_Dotnet\Service\AuthenticationService.cs(11,7): warning CS0105: The using directive for 'AdidataDbContext.Models.Mysql.PTPDev' appeared previously in this namespace [E:\Document\Project_Portofolio\Portofolio_Dotnet\PTP.csproj]

Build FAILED.

E:\Document\Project_Portofolio\Portofolio_Dotnet\Service\AuthenticationService.cs(5,7): warning CS0105: The using directive for 'Microsoft.AspNetCore.Mvc' appeared previously in this namespace [E:\Document\Project_Portofolio\Portofolio_Dotnet\PTP.csproj]
E:\Document\Project_Portofolio\Portofolio_Dotnet\Service\AuthenticationService.cs(7,7): warning CS0105: The using directive for 'Microsoft.EntityFrameworkCore' appeared previously in this namespace [E:\Document\Project_Portofolio\Portofolio_Dotnet\PTP.csproj]
E:\Document\Project_Portofolio\Portofolio_Dotnet\Service\AuthenticationService.cs(11,7): warning CS0105: The using directive for 'AdidataDbContext.Models.Mysql.PTPDev' appeared previously in this namespace [E:\Document\Project_Portofolio\Portofolio_Dotnet\PTP.csproj]
E:\Document\Project_Portofolio\Portofolio_Dotnet\Interface\IExperienceService.cs(2,11): error CS0234: The type or namespace name 'ViewModel' does not exist in the namespace 'PTP' (are you missing an assembly reference?) [E:\Document\Project_Portofolio\Portofolio_Dotnet\PTP.csproj]
    3 Warning(s)
    1 Error(s)

Time Elapsed 00:00:02.20
